// Jest Snapshot v1, https://goo.gl/fbAQLP

exports[`ListItem matches snapshot 1`] = `
<DocumentFragment>
  <li>
    [Non alcoholic] 
    <strong>
      Apple Karate
    </strong>
  </li>
</DocumentFragment>
`;
