// Jest Snapshot v1, https://goo.gl/fbAQLP

exports[`App matches snapshot 1`] = `
<DocumentFragment>
  <div
    class="App"
  >
    <form>
      <div>
        <label
          for="name"
        >
          Name
        </label>
        <input
          id="name"
          type="text"
          value=""
        />
      </div>
      <button
        type="submit"
      >
        Search
      </button>
    </form>
  </div>
</DocumentFragment>
`;
